supabaseClient.js:6 Supabase URL: https://zgniojabjywrnwovlmaf.supabase.co
supabaseClient.js:7 Has API Key: true
fetch.ts:15  GET https://zgniojabjywrnwovlmaf.supabase.co/rest/v1/demandes?select=*%2Cclients%28id%2Cfirst_name%2Clast_name%2Cemail%2Cphone%2Ccompany_name%2Csiret%2Caddress%29&id=eq.b4b467ce-1412-41cb-a197-d3e1c9a5878e 406 (Not Acceptable)
(anonymous) @ fetch.ts:15
(anonymous) @ fetch.ts:46
await in (anonymous)
then @ PostgrestBuilder.ts:113
ClientDetail.js:23 Supabase error: {code: 'PGRST116', details: 'The result contains 0 rows', hint: null, message: 'Cannot coerce the result to a single JSON object'}
(anonymous) @ ClientDetail.js:23
await in (anonymous)
(anonymous) @ ClientDetail.js:34
gl @ react-dom-client.production.js:8583
eu @ react-dom-client.production.js:10126
Zl @ react-dom-client.production.js:10101
eu @ react-dom-client.production.js:10241
Zl @ react-dom-client.production.js:10101
eu @ react-dom-client.production.js:10120
Zl @ react-dom-client.production.js:10101
eu @ react-dom-client.production.js:10241
Zl @ react-dom-client.production.js:10101
eu @ react-dom-client.production.js:10120
Zl @ react-dom-client.production.js:10101
eu @ react-dom-client.production.js:10120
Zl @ react-dom-client.production.js:10101
eu @ react-dom-client.production.js:10241
Zl @ react-dom-client.production.js:10101
eu @ react-dom-client.production.js:10241
Zl @ react-dom-client.production.js:10101
eu @ react-dom-client.production.js:10120
Zl @ react-dom-client.production.js:10101
eu @ react-dom-client.production.js:10241
Zl @ react-dom-client.production.js:10101
eu @ react-dom-client.production.js:10120
Zl @ react-dom-client.production.js:10101
eu @ react-dom-client.production.js:10120
Zl @ react-dom-client.production.js:10101
eu @ react-dom-client.production.js:10241
Zl @ react-dom-client.production.js:10101
eu @ react-dom-client.production.js:10241
Zl @ react-dom-client.production.js:10101
eu @ react-dom-client.production.js:10120
Zl @ react-dom-client.production.js:10101
eu @ react-dom-client.production.js:10120
Zl @ react-dom-client.production.js:10101
eu @ react-dom-client.production.js:10120
Zl @ react-dom-client.production.js:10101
eu @ react-dom-client.production.js:10241
Zl @ react-dom-client.production.js:10101
eu @ react-dom-client.production.js:10137
_c @ react-dom-client.production.js:11763
wc @ react-dom-client.production.js:11739
yc @ react-dom-client.production.js:11718
mc @ react-dom-client.production.js:11521
Qu @ react-dom-client.production.js:10920
Gu @ react-dom-client.production.js:10826
Bc @ react-dom-client.production.js:12086
Dc @ react-dom-client.production.js:11956
Uc @ react-dom-client.production.js:11990
(anonymous) @ react-dom-client.production.js:12095
ClientDetail.js:24 Error details: {
  "code": "PGRST116",
  "details": "The result contains 0 rows",
  "hint": null,
  "message": "Cannot coerce the result to a single JSON object"
}
(anonymous) @ ClientDetail.js:24
await in (anonymous)
(anonymous) @ ClientDetail.js:34
gl @ react-dom-client.production.js:8583
eu @ react-dom-client.production.js:10126
Zl @ react-dom-client.production.js:10101
eu @ react-dom-client.production.js:10241
Zl @ react-dom-client.production.js:10101
eu @ react-dom-client.production.js:10120
Zl @ react-dom-client.production.js:10101
eu @ react-dom-client.production.js:10241
Zl @ react-dom-client.production.js:10101
eu @ react-dom-client.production.js:10120
Zl @ react-dom-client.production.js:10101
eu @ react-dom-client.production.js:10120
Zl @ react-dom-client.production.js:10101
eu @ react-dom-client.production.js:10241
Zl @ react-dom-client.production.js:10101
eu @ react-dom-client.production.js:10241
Zl @ react-dom-client.production.js:10101
eu @ react-dom-client.production.js:10120
Zl @ react-dom-client.production.js:10101
eu @ react-dom-client.production.js:10241
Zl @ react-dom-client.production.js:10101
eu @ react-dom-client.production.js:10120
Zl @ react-dom-client.production.js:10101
eu @ react-dom-client.production.js:10120
Zl @ react-dom-client.production.js:10101
eu @ react-dom-client.production.js:10241
Zl @ react-dom-client.production.js:10101
eu @ react-dom-client.production.js:10241
Zl @ react-dom-client.production.js:10101
eu @ react-dom-client.production.js:10120
Zl @ react-dom-client.production.js:10101
eu @ react-dom-client.production.js:10120
Zl @ react-dom-client.production.js:10101
eu @ react-dom-client.production.js:10120
Zl @ react-dom-client.production.js:10101
eu @ react-dom-client.production.js:10241
Zl @ react-dom-client.production.js:10101
eu @ react-dom-client.production.js:10137
_c @ react-dom-client.production.js:11763
wc @ react-dom-client.production.js:11739
yc @ react-dom-client.production.js:11718
mc @ react-dom-client.production.js:11521
Qu @ react-dom-client.production.js:10920
Gu @ react-dom-client.production.js:10826
Bc @ react-dom-client.production.js:12086
Dc @ react-dom-client.production.js:11956
Uc @ react-dom-client.production.js:11990
(anonymous) @ react-dom-client.production.js:12095
